Vika@DESKTOP-OQ5BHLF MINGW64 ~/Documents/Bash_training
$ pwd
/c/Users/Vika/Documents/Bash_training

Vika@DESKTOP-OQ5BHLF MINGW64 ~/Documents/Bash_training
$ touch test1.txt

Vika@DESKTOP-OQ5BHLF MINGW64 ~/Documents/Bash_training
$ cd

Vika@DESKTOP-OQ5BHLF MINGW64 ~
$ cd..
bash: cd..: command not found

Vika@DESKTOP-OQ5BHLF MINGW64 ~
$ pwd
/c/Users/Vika

Vika@DESKTOP-OQ5BHLF MINGW64 ~
$ cd bash_training
 *  History restored 


Vika@DESKTOP-OQ5BHLF MINGW64 ~/Documents/Bash_training
$ rm test1.txt

Vika@DESKTOP-OQ5BHLF MINGW64 ~/Documents/Bash_training
$ mkdir test1

Vika@DESKTOP-OQ5BHLF MINGW64 ~/Documents/Bash_training
$ cd test1

Vika@DESKTOP-OQ5BHLF MINGW64 ~/Documents/Bash_training/test1
$ touch file1.txt

Vika@DESKTOP-OQ5BHLF MINGW64 ~/Documents/Bash_training/test1
$ touch file2.txt

Vika@DESKTOP-OQ5BHLF MINGW64 ~/Documents/Bash_training/test1
$ touch file3.txt

Vika@DESKTOP-OQ5BHLF MINGW64 ~/Documents/Bash_training/test1
$ ls -ra
file3.txt  file2.txt  file1.txt  ../  ./

Vika@DESKTOP-OQ5BHLF MINGW64 ~/Documents/Bash_training/test1
$ cd .

Vika@DESKTOP-OQ5BHLF MINGW64 ~/Documents/Bash_training/test1
$ cd.
bash: cd.: command not found

Vika@DESKTOP-OQ5BHLF MINGW64 ~/Documents/Bash_training/test1
$ cd ..

Vika@DESKTOP-OQ5BHLF MINGW64 ~/Documents/Bash_training
$ mkdir test2

Vika@DESKTOP-OQ5BHLF MINGW64 ~/Documents/Bash_training
$ rmdir test2

Vika@DESKTOP-OQ5BHLF MINGW64 ~/Documents/Bash_training
$ cd test1

Vika@DESKTOP-OQ5BHLF MINGW64 ~/Documents/Bash_training/test1
$ rm file2.txt

Vika@DESKTOP-OQ5BHLF MINGW64 ~/Documents/Bash_training/test1
$ cd ..

Vika@DESKTOP-OQ5BHLF MINGW64 ~/Documents/Bash_training
$ mkdir test3

Vika@DESKTOP-OQ5BHLF MINGW64 ~/Documents/Bash_training
$ cd test3

Vika@DESKTOP-OQ5BHLF MINGW64 ~/Documents/Bash_training/test3
$ touch file1.txt

Vika@DESKTOP-OQ5BHLF MINGW64 ~/Documents/Bash_training/test3
$ touch file2.txt

Vika@DESKTOP-OQ5BHLF MINGW64 ~/Documents/Bash_training/test3
$ cd ..

Vika@DESKTOP-OQ5BHLF MINGW64 ~/Documents/Bash_training
$ rm -rf test3

Vika@DESKTOP-OQ5BHLF MINGW64 ~/Documents/Bash_training
$ mkdir test4

Vika@DESKTOP-OQ5BHLF MINGW64 ~/Documents/Bash_training
$ mv test1/file1.txt test4

Vika@DESKTOP-OQ5BHLF MINGW64 ~/Documents/Bash_training
$ mv test1/file3.txt test4

Vika@DESKTOP-OQ5BHLF MINGW64 ~/Documents/Bash_training
$ cd test4

Vika@DESKTOP-OQ5BHLF MINGW64 ~/Documents/Bash_training/test4
$ echo line1 > file1.txt

Vika@DESKTOP-OQ5BHLF MINGW64 ~/Documents/Bash_training/test4
$ echo line2 >> file1.txt

Vika@DESKTOP-OQ5BHLF MINGW64 ~/Documents/Bash_training/test4
$ echo line3 >> file1.txt

Vika@DESKTOP-OQ5BHLF MINGW64 ~/Documents/Bash_training/test4
$ ls
file1.txt  file3.txt

Vika@DESKTOP-OQ5BHLF MINGW64 ~/Documents/Bash_training/test4
$ echo line4 > file3.txt

Vika@DESKTOP-OQ5BHLF MINGW64 ~/Documents/Bash_training/test4
$ echo line5 >> file3.txt

Vika@DESKTOP-OQ5BHLF MINGW64 ~/Documents/Bash_training/test4
$ echo line6 >> file3.txt

Vika@DESKTOP-OQ5BHLF MINGW64 ~/Documents/Bash_training/test4
$ cat file1.txt file3.txt > file4.txt

Vika@DESKTOP-OQ5BHLF MINGW64 ~/Documents/Bash_training/test4
$ cat file4.txt
line1
line2
line3
line4
line5
line6

Vika@DESKTOP-OQ5BHLF MINGW64 ~/Documents/Bash_training/test4
$ nano file1.txt

Vika@DESKTOP-OQ5BHLF MINGW64 ~/Documents/Bash_training/test4
$
